--- Starting Compilation ---
WARNING: library LiquidCrystal I2C claims to run on avr architecture(s) and may be incompatible with your current board which runs on esp32 architecture(s).
/Users/satishkripavasan/Documents/Arduino/ESP32_NEW_DESIGN/ALL_IN_ONE/AIO9_5.0/lcdkeypad.ino: In function 'void lcdkeypad(void*)':
/Users/satishkripavasan/Documents/Arduino/ESP32_NEW_DESIGN/ALL_IN_ONE/AIO9_5.0/lcdkeypad.ino:197:9: error: 'last_lcd_state' was not declared in this scope
  197 |     if (last_lcd_state == 1 && lcdkeypad_start == 0) {
      |         ^~~~~~~~~~~~~~
/Users/satishkripavasan/Documents/Arduino/ESP32_NEW_DESIGN/ALL_IN_ONE/AIO9_5.0/lcdkeypad.ino:200:5: error: 'last_lcd_state' was not declared in this scope
  200 |     last_lcd_state = lcdkeypad_start;
      |     ^~~~~~~~~~~~~~
Multiple libraries were found for "WiFi.h"
  Used: /Users/satishkripavasan/Library/Arduino15/packages/esp32/hardware/esp32/3.3.6/libraries/WiFi
  Not used: /Users/satishkripavasan/Documents/Arduino/libraries/WiFiEspAT

[92mUsed library[0m      [92mVersion[0m [90mPath[0m
[93mKeypad[0m            3.1.1   [90m/Users/satishkripavasan/Documents/Arduino/libraries/Keypad-master[0m
[93mLiquidCrystal I2C[0m 1.1.2   [90m/Users/satishkripavasan/Documents/Arduino/libraries/LiquidCrystal_I2C[0m
[93mWire[0m              3.3.6   [90m/Users/satishkripavasan/Library/Arduino15/packages/esp32/hardware/esp32/3.3.6/libraries/Wire[0m
[93mPreferences[0m       3.3.6   [90m/Users/satishkripavasan/Library/Arduino15/packages/esp32/hardware/esp32/3.3.6/libraries/Preferences[0m
[93mRTClib[0m            2.1.4   [90m/Users/satishkripavasan/Documents/Arduino/libraries/RTClib[0m
[93mAdafruit BusIO[0m    1.9.3   [90m/Users/satishkripavasan/Documents/Arduino/libraries/Adafruit_BusIO[0m
[93mSD[0m                3.3.6   [90m/Users/satishkripavasan/Library/Arduino15/packages/esp32/hardware/esp32/3.3.6/libraries/SD[0m
[93mFS[0m                3.3.6   [90m/Users/satishkripavasan/Library/Arduino15/packages/esp32/hardware/esp32/3.3.6/libraries/FS[0m
[93mSPI[0m               3.3.6   [90m/Users/satishkripavasan/Library/Arduino15/packages/esp32/hardware/esp32/3.3.6/libraries/SPI[0m
[93mSPIFFS[0m            3.3.6   [90m/Users/satishkripavasan/Library/Arduino15/packages/esp32/hardware/esp32/3.3.6/libraries/SPIFFS[0m
[93mUpdate[0m            3.3.6   [90m/Users/satishkripavasan/Library/Arduino15/packages/esp32/hardware/esp32/3.3.6/libraries/Update[0m
[93mWebServer[0m         3.3.6   [90m/Users/satishkripavasan/Library/Arduino15/packages/esp32/hardware/esp32/3.3.6/libraries/WebServer[0m
[93mNetworking[0m        3.3.6   [90m/Users/satishkripavasan/Library/Arduino15/packages/esp32/hardware/esp32/3.3.6/libraries/Network[0m
[93mWiFi[0m              3.3.6   [90m/Users/satishkripavasan/Library/Arduino15/packages/esp32/hardware/esp32/3.3.6/libraries/WiFi[0m
[93mHULP[0m              2.0.1   [90m/Users/satishkripavasan/Documents/Arduino/libraries/HULP-master[0m
[93mESPmDNS[0m           3.3.6   [90m/Users/satishkripavasan/Library/Arduino15/packages/esp32/hardware/esp32/3.3.6/libraries/ESPmDNS[0m
[93mHash[0m              3.3.6   [90m/Users/satishkripavasan/Library/Arduino15/packages/esp32/hardware/esp32/3.3.6/libraries/Hash[0m

[92mUsed platform[0m [92mVersion[0m [90mPath[0m
[93mesp32:esp32[0m   3.3.6   [90m/Users/satishkripavasan/Library/Arduino15/packages/esp32/hardware/esp32/3.3.6[0m
Error during build: exit status 1
--- Compilation FAILED ---
