/Users/satishkripavasan/Documents/Arduino/ESP32_NEW_DESIGN/ALL_IN_ONE/AIO9_5.0/AIO9_5.0.ino:79:6: error: redefinition of 'char last_fw_ver [32]'
   79 | char last_fw_ver[32] = "";
      |      ^~~~~~~~~~~
/Users/satishkripavasan/Documents/Arduino/ESP32_NEW_DESIGN/ALL_IN_ONE/AIO9_5.0/AIO9_5.0.ino:62:6: note: 'char last_fw_ver [32]' previously defined here
   62 | char last_fw_ver[32] = {0};
      |      ^~~~~~~~~~~
/Users/satishkripavasan/Documents/Arduino/ESP32_NEW_DESIGN/ALL_IN_ONE/AIO9_5.0/gprs_health.ino: In function 'void get_registration()':
/Users/satishkripavasan/Documents/Arduino/ESP32_NEW_DESIGN/ALL_IN_ONE/AIO9_5.0/gprs_health.ino:668:19: error: a function-definition is not allowed here before '{' token
  668 | void get_a7672s() {
      |                   ^
/Users/satishkripavasan/Documents/Arduino/ESP32_NEW_DESIGN/ALL_IN_ONE/AIO9_5.0/gprs_health.ino:816:31: error: a function-definition is not allowed here before '{' token
  816 | void process_sms(char msg_no) {
      |                               ^
/Users/satishkripavasan/Documents/Arduino/ESP32_NEW_DESIGN/ALL_IN_ONE/AIO9_5.0/gprs_health.ino:926:64: error: a function-definition is not allowed here before '{' token
  926 | void prepare_and_send_status(char *gsm_no, bool alreadyLocked) {
      |                                                                ^
/Users/satishkripavasan/Documents/Arduino/ESP32_NEW_DESIGN/ALL_IN_ONE/AIO9_5.0/gprs_health.ino:1045:28: error: a function-definition is not allowed here before '{' token
 1045 | void get_gps_coordinates() {
      |                            ^
/Users/satishkripavasan/Documents/Arduino/ESP32_NEW_DESIGN/ALL_IN_ONE/AIO9_5.0/gprs_health.ino:1085:63: error: a function-definition is not allowed here before '{' token
 1085 | void get_lat_long_date_time(char *gsm_no, bool alreadyLocked) {
      |                                                               ^
/Users/satishkripavasan/Documents/Arduino/ESP32_NEW_DESIGN/ALL_IN_ONE/AIO9_5.0/gprs_health.ino:1170:41: error: a function-definition is not allowed here before '{' token
 1170 | bool send_health_report(bool useJitter) {
      |                                         ^
/Users/satishkripavasan/Documents/Arduino/ESP32_NEW_DESIGN/ALL_IN_ONE/AIO9_5.0/gprs_helpers.ino:8:57: error: a function-definition is not allowed here before '{' token
    8 | void save_apn_config(const char* apn, const char* ccid) {
      |                                                         ^
/Users/satishkripavasan/Documents/Arduino/ESP32_NEW_DESIGN/ALL_IN_ONE/AIO9_5.0/gprs_helpers.ino:23:82: error: a function-definition is not allowed here before '{' token
   23 | bool load_apn_config(const char* current_ccid, char *target_apn, size_t max_len) {
      |                                                                                  ^
/Users/satishkripavasan/Documents/Arduino/ESP32_NEW_DESIGN/ALL_IN_ONE/AIO9_5.0/gprs_helpers.ino:110:41: error: a function-definition is not allowed here before '{' token
  110 | void get_ccid(char *out, size_t maxLen) {
      |                                         ^
/Users/satishkripavasan/Documents/Arduino/ESP32_NEW_DESIGN/ALL_IN_ONE/AIO9_5.0/gprs_helpers.ino:181:40: error: a function-definition is not allowed here before '{' token
  181 | bool try_activate_apn(const char *apn) {
      |                                        ^
/Users/satishkripavasan/Documents/Arduino/ESP32_NEW_DESIGN/ALL_IN_ONE/AIO9_5.0/gprs_helpers.ino:238:33: error: a function-definition is not allowed here before '{' token
  238 | bool verify_bearer_or_recover() {
      |                                 ^
/Users/satishkripavasan/Documents/Arduino/ESP32_NEW_DESIGN/ALL_IN_ONE/AIO9_5.0/gprs_helpers.ino:442:23: error: a function-definition is not allowed here before '{' token
  442 | void flushSerialSIT() {
      |                       ^
/Users/satishkripavasan/Documents/Arduino/ESP32_NEW_DESIGN/ALL_IN_ONE/AIO9_5.0/gprs_helpers.ino:463:34: error: a function-definition is not allowed here before '{' token
  463 | void sync_rtc_from_http_header() {
      |                                  ^
/Users/satishkripavasan/Documents/Arduino/ESP32_NEW_DESIGN/ALL_IN_ONE/AIO9_5.0/gprs_helpers.ino:560:63: error: a function-definition is not allowed here before '{' token
  560 | void sync_rtc_from_server_tm(const char *payload, bool force) {
      |                                                               ^
/Users/satishkripavasan/Documents/Arduino/ESP32_NEW_DESIGN/ALL_IN_ONE/AIO9_5.0/gprs_helpers.ino:719:19: error: a function-definition is not allowed here before '{' token
  719 | void start_gprs() {
      |                   ^
/Users/satishkripavasan/Documents/Arduino/ESP32_NEW_DESIGN/ALL_IN_ONE/AIO9_5.0/gprs_helpers.ino:851:55: error: a function-definition is not allowed here before '{' token
  851 | int parseHttpDate(const char *dateStr, struct tm *tm) {
      |                                                       ^
/Users/satishkripavasan/Documents/Arduino/ESP32_NEW_DESIGN/ALL_IN_ONE/AIO9_5.0/gprs_helpers.ino:863:32: error: a function-definition is not allowed here before '{' token
  863 | void graceful_modem_shutdown() {
      |                                ^
/Users/satishkripavasan/Documents/Arduino/ESP32_NEW_DESIGN/ALL_IN_ONE/AIO9_5.0/gprs_helpers.ino:915:17: error: a function-definition is not allowed here before '{' token
  915 | void send_sms() {
      |                 ^
/Users/satishkripavasan/Documents/Arduino/ESP32_NEW_DESIGN/ALL_IN_ONE/AIO9_5.0/gprs_helpers.ino:948:67: error: a function-definition is not allowed here before '{' token
  948 | bool waitForResponse(const char *expected, unsigned long timeout) {
      |                                                                   ^
/Users/satishkripavasan/Documents/Arduino/ESP32_NEW_DESIGN/ALL_IN_ONE/AIO9_5.0/gprs_helpers.ino:983:58: error: a function-definition is not allowed here before '{' token
  983 | int read_line_to_buf(File &f, char *buf, size_t max_len) {
      |                                                          ^
/Users/satishkripavasan/Documents/Arduino/ESP32_NEW_DESIGN/ALL_IN_ONE/AIO9_5.0/gprs_helpers.ino:997:67: error: a function-definition is not allowed here before '{' token
  997 | int read_line(char *src, char *dest, int max_len, char delim_chr) {
      |                                                                   ^
/Users/satishkripavasan/Documents/Arduino/ESP32_NEW_DESIGN/ALL_IN_ONE/AIO9_5.0/gprs_helpers.ino:1026:46: error: a function-definition is not allowed here before '{' token
 1026 | void convert_gmt_to_ist(struct tm *gmt_time) {
      |                                              ^
/Users/satishkripavasan/Documents/Arduino/ESP32_NEW_DESIGN/ALL_IN_ONE/AIO9_5.0/gprs_helpers.ino:1039:53: error: a function-definition is not allowed here before '{' token
 1039 | void send_at_cmd(char *cmd, char *check, char *spl) {
      |                                                     ^
/Users/satishkripavasan/Documents/Arduino/ESP32_NEW_DESIGN/ALL_IN_ONE/AIO9_5.0/gprs_http.ino:3:30: error: a function-definition is not allowed here before '{' token
    3 | void prepare_data_and_send() {
      |                              ^
/Users/satishkripavasan/Documents/Arduino/ESP32_NEW_DESIGN/ALL_IN_ONE/AIO9_5.0/gprs_http.ino:796:23: error: a function-definition is not allowed here before '{' token
  796 | void send_http_data() {
      |                       ^
/Users/satishkripavasan/Documents/Arduino/ESP32_NEW_DESIGN/ALL_IN_ONE/AIO9_5.0/gprs_http.ino:1409:25: error: a function-definition is not allowed here before '{' token
 1409 | void send_unsent_data() { // ONLY FOR TWS AND TWS-ADDON
      |                         ^
/Users/satishkripavasan/Documents/Arduino/ESP32_NEW_DESIGN/ALL_IN_ONE/AIO9_5.0/gprs_http.ino:1776:50: error: a function-definition is not allowed here before '{' token
 1776 | int send_at_cmd_data(char *payload, bool robust) {
      |                                                  ^
/Users/satishkripavasan/Documents/Arduino/ESP32_NEW_DESIGN/ALL_IN_ONE/AIO9_5.0/gprs_http.ino:2064:34: error: a function-definition is not allowed here before '{' token
 2064 | void store_current_unsent_data() {
      |                                  ^
/Users/satishkripavasan/Documents/Arduino/ESP32_NEW_DESIGN/ALL_IN_ONE/AIO9_5.0/lcdkeypad.ino:18:25: error: a function-definition is not allowed here before '{' token
   18 | void configure_keypad() {
      |                         ^
/Users/satishkripavasan/Documents/Arduino/ESP32_NEW_DESIGN/ALL_IN_ONE/AIO9_5.0/lcdkeypad.ino:34:33: error: a function-definition is not allowed here before '{' token
   34 | bool isFieldVisible(int fld_id) {
      |                                 ^
/Users/satishkripavasan/Documents/Arduino/ESP32_NEW_DESIGN/ALL_IN_ONE/AIO9_5.0/lcdkeypad.ino:83:26: error: a function-definition is not allowed here before '{' token
   83 | void IRAM_ATTR onTimer() {
      |                          ^
/Users/satishkripavasan/Documents/Arduino/ESP32_NEW_DESIGN/ALL_IN_ONE/AIO9_5.0/lcdkeypad.ino:92:27: error: a function-definition is not allowed here before '{' token
   92 | void IRAM_ATTR lcdTimer() {
      |                           ^
/Users/satishkripavasan/Documents/Arduino/ESP32_NEW_DESIGN/ALL_IN_ONE/AIO9_5.0/lcdkeypad.ino:103:26: error: a function-definition is not allowed here before '{' token
  103 | void draw_current_page() {
      |                          ^
/Users/satishkripavasan/Documents/Arduino/ESP32_NEW_DESIGN/ALL_IN_ONE/AIO9_5.0/lcdkeypad.ino:179:28: error: a function-definition is not allowed here before '{' token
  179 | void refresh_sensor_data() {
      |                            ^
/Users/satishkripavasan/Documents/Arduino/ESP32_NEW_DESIGN/ALL_IN_ONE/AIO9_5.0/lcdkeypad.ino:281:36: error: a function-definition is not allowed here before '{' token
  281 | void lcdkeypad(void *pvParameters) {
      |                                    ^
/Users/satishkripavasan/Documents/Arduino/ESP32_NEW_DESIGN/ALL_IN_ONE/AIO9_5.0/rtcRead.ino:9:24: error: a function-definition is not allowed here before '{' token
    9 | int bcdToDec(byte val) { return ((val >> 4) * 10) + (val & 0x0F); }
      |                        ^
/Users/satishkripavasan/Documents/Arduino/ESP32_NEW_DESIGN/ALL_IN_ONE/AIO9_5.0/rtcRead.ino:15:34: error: a function-definition is not allowed here before '{' token
   15 | void rtcRead(void *pvParameters) {
      |                                  ^
/Users/satishkripavasan/Documents/Arduino/ESP32_NEW_DESIGN/ALL_IN_ONE/AIO9_5.0/rtcRead.ino:190:20: error: a function-definition is not allowed here before '{' token
  190 | void resync_time() {
      |                    ^
/Users/satishkripavasan/Documents/Arduino/ESP32_NEW_DESIGN/ALL_IN_ONE/AIO9_5.0/rtcRead.ino:320:65: error: a function-definition is not allowed here before '{' token
  320 |                                      int minute1, int seconds1) {
      |                                                                 ^
/Users/satishkripavasan/Documents/Arduino/ESP32_NEW_DESIGN/ALL_IN_ONE/AIO9_5.0/scheduler.ino:3:36: error: a function-definition is not allowed here before '{' token
    3 | void scheduler(void *pvParameters) {
      |                                    ^
/Users/satishkripavasan/Documents/Arduino/ESP32_NEW_DESIGN/ALL_IN_ONE/AIO9_5.0/scheduler.ino:3315:43: error: a function-definition is not allowed here before '{' token
 3315 | void next_date(int *Nd, int *Nm, int *Ny) {
      |                                           ^
/Users/satishkripavasan/Documents/Arduino/ESP32_NEW_DESIGN/ALL_IN_ONE/AIO9_5.0/scheduler.ino:3345:47: error: a function-definition is not allowed here before '{' token
 3345 | void previous_date(int *Cd, int *Cm, int *Cy) {
      |                                               ^
/Users/satishkripavasan/Documents/Arduino/ESP32_NEW_DESIGN/ALL_IN_ONE/AIO9_5.0/scheduler.ino:3431:43: error: a function-definition is not allowed here before '{' token
 3431 | void getTimeSnapshot(struct tm *timeinfo) {
      |                                           ^
/Users/satishkripavasan/Documents/Arduino/ESP32_NEW_DESIGN/ALL_IN_ONE/AIO9_5.0/tempHum.ino:3:34: error: a function-definition is not allowed here before '{' token
    3 | void tempHum(void *pvParameters) {
      |                                  ^
/Users/satishkripavasan/Documents/Arduino/ESP32_NEW_DESIGN/ALL_IN_ONE/AIO9_5.0/tempHum.ino:193:38: error: a function-definition is not allowed here before '{' token
  193 | uint16_t readRegister16(uint8_t reg) {
      |                                      ^
/Users/satishkripavasan/Documents/Arduino/ESP32_NEW_DESIGN/ALL_IN_ONE/AIO9_5.0/tempHum.ino:225:16: error: a function-definition is not allowed here before '{' token
  225 | bool initHDC() {
      |                ^
/Users/satishkripavasan/Documents/Arduino/ESP32_NEW_DESIGN/ALL_IN_ONE/AIO9_5.0/tempHum.ino:277:45: error: a function-definition is not allowed here before '{' token
  277 | bool readHDC(float &tempC, float &humidity) {
      |                                             ^
In file included from /Users/satishkripavasan/Library/Arduino15/packages/esp32/hardware/esp32/3.3.6/libraries/ESPmDNS/src/ESPmDNS.h:48,
                 from /Users/satishkripavasan/Documents/Arduino/ESP32_NEW_DESIGN/ALL_IN_ONE/AIO9_5.0/webServer.ino:2:
/Users/satishkripavasan/Library/Arduino15/packages/esp32/tools/esp32-libs/3.3.6/include/espressif__mdns/include/mdns.h:10:8: error: expected unqualified-id before string constant
   10 | extern "C" {
      |        ^~~
/Users/satishkripavasan/Library/Arduino15/packages/esp32/hardware/esp32/3.3.6/libraries/ESPmDNS/src/ESPmDNS.h:125:3: error: 'mdns_result_t' does not name a type
  125 |   mdns_result_t *results;
      |   ^~~~~~~~~~~~~
/Users/satishkripavasan/Library/Arduino15/packages/esp32/hardware/esp32/3.3.6/libraries/ESPmDNS/src/ESPmDNS.h:126:3: error: 'mdns_result_t' does not name a type
  126 |   mdns_result_t *_getResult(int idx);
      |   ^~~~~~~~~~~~~
/Users/satishkripavasan/Library/Arduino15/packages/esp32/hardware/esp32/3.3.6/libraries/ESPmDNS/src/ESPmDNS.h:127:3: error: 'mdns_txt_item_t' does not name a type
  127 |   mdns_txt_item_t *_getResultTxt(int idx, int txtIdx);
      |   ^~~~~~~~~~~~~~~
/Users/satishkripavasan/Documents/Arduino/ESP32_NEW_DESIGN/ALL_IN_ONE/AIO9_5.0/webServer.ino:11:23: error: a function-definition is not allowed here before '{' token
   11 | void updateActivity() { last_wifi_activity_time = millis(); }
      |                       ^
/Users/satishkripavasan/Documents/Arduino/ESP32_NEW_DESIGN/ALL_IN_ONE/AIO9_5.0/webServer.ino:21:36: error: a function-definition is not allowed here before '{' token
   21 | void webServer(void *pvParameters) {
      |                                    ^
/Users/satishkripavasan/Documents/Arduino/ESP32_NEW_DESIGN/ALL_IN_ONE/AIO9_5.0/webServer.ino:124:19: error: a function-definition is not allowed here before '{' token
  124 | void handleRoot() { // v5.70 STREAMING
      |                   ^
/Users/satishkripavasan/Documents/Arduino/ESP32_NEW_DESIGN/ALL_IN_ONE/AIO9_5.0/webServer.ino:344:23: error: a function-definition is not allowed here before '{' token
  344 | void handleFileList() {
      |                       ^
/Users/satishkripavasan/Documents/Arduino/ESP32_NEW_DESIGN/ALL_IN_ONE/AIO9_5.0/webServer.ino:538:27: error: a function-definition is not allowed here before '{' token
  538 | void handleFileDownload() {
      |                           ^
/Users/satishkripavasan/Documents/Arduino/ESP32_NEW_DESIGN/ALL_IN_ONE/AIO9_5.0/webServer.ino:574:23: error: a function-definition is not allowed here before '{' token
  574 | void handleFileView() {
      |                       ^
/Users/satishkripavasan/Documents/Arduino/ESP32_NEW_DESIGN/ALL_IN_ONE/AIO9_5.0/webServer.ino:725:22: error: a function-definition is not allowed here before '{' token
  725 | void handleViewLog() {
      |                      ^
/Users/satishkripavasan/Documents/Arduino/ESP32_NEW_DESIGN/ALL_IN_ONE/AIO9_5.0/webServer.ino:915:25: error: a function-definition is not allowed here before '{' token
  915 | void handleDisconnect() {
      |                         ^
/Users/satishkripavasan/Documents/Arduino/ESP32_NEW_DESIGN/ALL_IN_ONE/AIO9_5.0/webServer.ino:944:19: error: a function-definition is not allowed here before '{' token
  944 | void handleData() {
      |                   ^
/Users/satishkripavasan/Documents/Arduino/ESP32_NEW_DESIGN/ALL_IN_ONE/AIO9_5.0/windDirection.ino:3:40: error: a function-definition is not allowed here before '{' token
    3 | void windDirection(void *pvParameters) {
      |                                        ^
/Users/satishkripavasan/Documents/Arduino/ESP32_NEW_DESIGN/ALL_IN_ONE/AIO9_5.0/windSpeed.ino:4:36: error: a function-definition is not allowed here before '{' token
    4 | void windSpeed(void *pvParameters) {
      |                                    ^
/Users/satishkripavasan/Documents/Arduino/ESP32_NEW_DESIGN/ALL_IN_ONE/AIO9_5.0/windSpeed.ino:124:2: error: expected '}' at end of input
  124 | }
      |  ^
/Users/satishkripavasan/Documents/Arduino/ESP32_NEW_DESIGN/ALL_IN_ONE/AIO9_5.0/gprs_health.ino:210:25: note: to match this '{'
  210 | void get_registration() {
      |                         ^
Multiple libraries were found for "WiFi.h"
  Used: /Users/satishkripavasan/Library/Arduino15/packages/esp32/hardware/esp32/3.3.6/libraries/WiFi
  Not used: /Users/satishkripavasan/Documents/Arduino/libraries/WiFiEspAT
Error during build: exit status 1
