--- Building for 8MB Flash ESP32 (Default) ---
--- Using partition file: partitions.csv ---
WARNING: library LiquidCrystal I2C claims to run on avr architecture(s) and may be incompatible with your current board which runs on esp32 architecture(s).
Sketch uses 1255191 bytes (70%) of program storage space. Maximum is 1769472 bytes.
Global variables use 56092 bytes (17%) of dynamic memory, leaving 271588 bytes for local variables. Maximum is 327680 bytes.

--- Compilation Successful (v5.72 / 8mb) ---
Binary: /tmp/aio_build_8mb/AIO9_5.0.ino.bin

To flash: ./quick_flash.sh [PORT] 8mb
